// Jest Snapshot v1, https://goo.gl/fbAQLP

exports[`Settings renders correctly 1`] = `
Array [
  <div
    className="settings-sidebar sidebar-wrapper"
  >
    <ul>
      <li
        className="sidebar-list-item active"
        data-testid="sidebar-list-item"
        onClick={[Function]}
      >
        Tasks' Coefficients
      </li>
      <li
        className="sidebar-list-item "
        data-testid="sidebar-list-item"
        onClick={[Function]}
      >
        Hours' Correspondence
      </li>
      <li
        className="sidebar-list-item "
        data-testid="sidebar-list-item"
        onClick={[Function]}
      >
        Preset Working Hours
      </li>
      <li
        className="sidebar-list-item "
        data-testid="sidebar-list-item"
        onClick={[Function]}
      >
        Seniority Bonuses
      </li>
      <li
        className="sidebar-list-item "
        data-testid="sidebar-list-item"
        onClick={[Function]}
      >
        Users
      </li>
    </ul>
  </div>,
  <div
    className="settings-container"
  >
    <h2>
      Tasks' Coefficients
    </h2>
    <div
      className="coeff-table"
    >
      <div
        className="MuiPaper-root MuiPaper-elevation MuiPaper-rounded MuiPaper-elevation1 MuiTableContainer-root coeff-table-container css-11xur9t-MuiPaper-root-MuiTableContainer-root"
      >
        <table
          aria-label="table"
          className="MuiTable-root css-rqglhn-MuiTable-root"
          role={null}
        >
          <thead
            className="MuiTableHead-root css-15wwp11-MuiTableHead-root"
            role={null}
          >
            <tr
              className="MuiTableRow-root MuiTableRow-head css-1q1u3t4-MuiTableRow-root"
              role={null}
            >
              <th
                aria-sort={null}
                className="MuiTableCell-root MuiTableCell-head MuiTableCell-sizeMedium th-main css-1ygcj2i-MuiTableCell-root"
                scope="col"
              >
                Website Group
              </th>
              <th
                aria-sort={null}
                className="MuiTableCell-root MuiTableCell-head MuiTableCell-sizeMedium th-main css-1ygcj2i-MuiTableCell-root"
                scope="col"
              />
              <th
                aria-sort={null}
                className="MuiTableCell-root MuiTableCell-head MuiTableCell-sizeMedium th-main css-1ygcj2i-MuiTableCell-root"
                scope="col"
              >
                Website
              </th>
              <th
                aria-sort={null}
                className="MuiTableCell-root MuiTableCell-head MuiTableCell-sizeMedium th-main css-1ygcj2i-MuiTableCell-root"
                scope="col"
              >
                Audit Type
              </th>
            </tr>
          </thead>
          <tbody
            className="MuiTableBody-root css-apqrd9-MuiTableBody-root"
            role={null}
          />
        </table>
      </div>
      <div
        className="MuiTablePagination-root coeff-table__paginator css-jtlhu6-MuiTablePagination-root"
      >
        <div
          className="MuiToolbar-root MuiToolbar-gutters MuiToolbar-regular MuiTablePagination-toolbar css-11bfvty-MuiToolbar-root-MuiTablePagination-toolbar"
        >
          <div
            className="MuiTablePagination-spacer css-1psng7p-MuiTablePagination-spacer"
          />
          <p
            className="MuiTablePagination-selectLabel css-pdct74-MuiTablePagination-selectLabel"
            id=":r1:"
          >
            Rows per page:
          </p>
          <div
            className="MuiInputBase-root MuiInputBase-colorPrimary css-16c50h-MuiInputBase-root-MuiTablePagination-select"
            onClick={[Function]}
            variant="standard"
          >
            <div
              aria-expanded="false"
              aria-haspopup="listbox"
              aria-labelledby=":r1: :r0:"
              className="MuiTablePagination-select MuiSelect-select MuiSelect-standard MuiInputBase-input css-194a1fa-MuiSelect-select-MuiInputBase-input"
              id=":r0:"
              onBlur={[Function]}
              onFocus={[Function]}
              onKeyDown={[Function]}
              onMouseDown={[Function]}
              role="button"
              tabIndex={0}
            >
              5
            </div>
            <input
              aria-hidden={true}
              className="MuiSelect-nativeInput css-yf8vq0-MuiSelect-nativeInput"
              onAnimationStart={[Function]}
              onChange={[Function]}
              tabIndex={-1}
              value={5}
            />
            <svg
              aria-hidden={true}
              className="MuiSvgIcon-root MuiSvgIcon-fontSizeMedium MuiTablePagination-selectIcon MuiSelect-icon MuiSelect-iconStandard css-pqjvzy-MuiSvgIcon-root-MuiSelect-icon"
              data-testid="ArrowDropDownIcon"
              focusable="false"
              viewBox="0 0 24 24"
            >
              <path
                d="M7 10l5 5 5-5z"
              />
            </svg>
          </div>
          <p
            className="MuiTablePagination-displayedRows css-levciy-MuiTablePagination-displayedRows"
          >
            0â€“0 of 0
          </p>
          <div
            className="MuiTablePagination-actions"
          >
            <button
              aria-label="Go to previous page"
              className="MuiButtonBase-root Mui-disabled MuiIconButton-root Mui-disabled MuiIconButton-colorInherit MuiIconButton-sizeMedium css-zylse7-MuiButtonBase-root-MuiIconButton-root"
              disabled={true}
              onBlur={[Function]}
              onClick={[Function]}
              onContextMenu={[Function]}
              onDragLeave={[Function]}
              onFocus={[Function]}
              onKeyDown={[Function]}
              onKeyUp={[Function]}
              onMouseDown={[Function]}
              onMouseLeave={[Function]}
              onMouseUp={[Function]}
              onTouchEnd={[Function]}
              onTouchMove={[Function]}
              onTouchStart={[Function]}
              tabIndex={-1}
              title="Go to previous page"
              type="button"
            >
              <svg
                aria-hidden={true}
                className="MuiSvgIcon-root MuiSvgIcon-fontSizeMedium css-i4bv87-MuiSvgIcon-root"
                data-testid="KeyboardArrowLeftIcon"
                focusable="false"
                viewBox="0 0 24 24"
              >
                <path
                  d="M15.41 16.09l-4.58-4.59 4.58-4.59L14 5.5l-6 6 6 6z"
                />
              </svg>
            </button>
            <button
              aria-label="Go to next page"
              className="MuiButtonBase-root Mui-disabled MuiIconButton-root Mui-disabled MuiIconButton-colorInherit MuiIconButton-sizeMedium css-zylse7-MuiButtonBase-root-MuiIconButton-root"
              disabled={true}
              onBlur={[Function]}
              onClick={[Function]}
              onContextMenu={[Function]}
              onDragLeave={[Function]}
              onFocus={[Function]}
              onKeyDown={[Function]}
              onKeyUp={[Function]}
              onMouseDown={[Function]}
              onMouseLeave={[Function]}
              onMouseUp={[Function]}
              onTouchEnd={[Function]}
              onTouchMove={[Function]}
              onTouchStart={[Function]}
              tabIndex={-1}
              title="Go to next page"
              type="button"
            >
              <svg
                aria-hidden={true}
                className="MuiSvgIcon-root MuiSvgIcon-fontSizeMedium css-i4bv87-MuiSvgIcon-root"
                data-testid="KeyboardArrowRightIcon"
                focusable="false"
                viewBox="0 0 24 24"
              >
                <path
                  d="M8.59 16.34l4.58-4.59-4.58-4.59L10 5.75l6 6-6 6z"
                />
              </svg>
            </button>
          </div>
        </div>
      </div>
    </div>
  </div>,
]
`;
