// Jest Snapshot v1, https://goo.gl/fbAQLP

exports[`WebsiteGroupsAccordion renders correctly 1`] = `
<div
  className="MuiPaper-root MuiPaper-elevation MuiPaper-rounded MuiPaper-elevation1 MuiAccordion-root MuiAccordion-rounded Mui-expanded custom-accordion css-1wc0u5o-MuiPaper-root-MuiAccordion-root"
  data-testid="custom-accordion"
>
  <div
    className="custom-accordion__form"
  >
    <div
      aria-expanded={true}
      className="MuiButtonBase-root MuiAccordionSummary-root Mui-expanded custom-accordion-summary css-1pvvkxv-MuiButtonBase-root-MuiAccordionSummary-root"
      onBlur={[Function]}
      onClick={[Function]}
      onContextMenu={[Function]}
      onDragLeave={[Function]}
      onFocus={[Function]}
      onKeyDown={[Function]}
      onKeyUp={[Function]}
      onMouseDown={[Function]}
      onMouseLeave={[Function]}
      onMouseUp={[Function]}
      onTouchEnd={[Function]}
      onTouchMove={[Function]}
      onTouchStart={[Function]}
      role="button"
      tabIndex={0}
    >
      <div
        className="MuiAccordionSummary-content Mui-expanded css-1betqn-MuiAccordionSummary-content"
      >
        <div>
          Hello
        </div>
      </div>
      <div
        className="MuiAccordionSummary-expandIconWrapper Mui-expanded css-yw020d-MuiAccordionSummary-expandIconWrapper"
      >
        <p>
          #
        </p>
      </div>
    </div>
  </div>
  <div
    className="MuiCollapse-root MuiCollapse-vertical MuiCollapse-entered css-pwcg7p-MuiCollapse-root"
    style={
      Object {
        "minHeight": "0px",
      }
    }
  >
    <div
      className="MuiCollapse-wrapper MuiCollapse-vertical css-smkl36-MuiCollapse-wrapper"
    >
      <div
        className="MuiCollapse-wrapperInner MuiCollapse-vertical css-9l5vo-MuiCollapse-wrapperInner"
      >
        <div
          className="MuiAccordion-region"
          role="region"
        >
          <div
            className="MuiAccordionDetails-root custom-accordion__details css-15v22id-MuiAccordionDetails-root"
          >
            <div>
              inner component
            </div>
          </div>
        </div>
      </div>
    </div>
  </div>
</div>
`;
