// Jest Snapshot v1, https://goo.gl/fbAQLP

exports[`DateFilterSection Matches snapshot 1`] = `
<div
  className="datefilter-container"
  data-testid="datefilter-container"
>
  <h2
    className="datefilter-container__header"
  />
  <div>
    <button
      className="MuiButtonBase-root MuiIconButton-root MuiIconButton-sizeMedium print-icon css-78trlr-MuiButtonBase-root-MuiIconButton-root"
      data-testid="print-icon"
      disabled={false}
      onBlur={[Function]}
      onClick={[Function]}
      onContextMenu={[Function]}
      onDragLeave={[Function]}
      onFocus={[Function]}
      onKeyDown={[Function]}
      onKeyUp={[Function]}
      onMouseDown={[Function]}
      onMouseLeave={[Function]}
      onMouseUp={[Function]}
      onTouchEnd={[Function]}
      onTouchMove={[Function]}
      onTouchStart={[Function]}
      tabIndex={0}
      type="button"
    >
      <svg
        aria-hidden={true}
        className="MuiSvgIcon-root MuiSvgIcon-fontSizeMedium css-i4bv87-MuiSvgIcon-root"
        data-testid="PrintIcon"
        focusable="false"
        viewBox="0 0 24 24"
      >
        <path
          d="M19 8H5c-1.66 0-3 1.34-3 3v6h4v4h12v-4h4v-6c0-1.66-1.34-3-3-3zm-3 11H8v-5h8v5zm3-7c-.55 0-1-.45-1-1s.45-1 1-1 1 .45 1 1-.45 1-1 1zm-1-9H6v4h12V3z"
        />
      </svg>
    </button>
    <div
      className="rmdp-container "
      style={
        Object {
          "display": "inline-block",
          "height": "max-content",
        }
      }
    >
      <div>
        <div
          style={
            Object {
              "position": "relative",
            }
          }
        >
          <input
            autoComplete="off"
            className="rmdp-input"
            onChange={[Function]}
            onFocus={[Function]}
            type="text"
            value={
              Array [
                "",
              ]
            }
          />
          <svg
            className="icon icon-tabler icon-tabler-calendar-event"
            fill="none"
            height={20}
            onClick={[Function]}
            stroke="currentColor"
            strokeLinecap="round"
            strokeLinejoin="round"
            strokeWidth={1.5}
            style={
              Object {
                "backgroundColor": "inherit",
                "cursor": "pointer",
                "position": "absolute",
                "right": "2.5px",
                "top": "50%",
                "transform": "translateY(-50%)",
              }
            }
            viewBox="0 0 24 24"
            width={20}
          >
            <path
              d="M0 0h24v24H0z"
              fill="none"
              stroke="none"
            />
            <rect
              height={16}
              rx={2}
              width={16}
              x={4}
              y={5}
            />
            <line
              x1={16}
              x2={16}
              y1={3}
              y2={7}
            />
            <line
              x1={8}
              x2={8}
              y1={3}
              y2={7}
            />
            <line
              x1={4}
              x2={20}
              y1={11}
              y2={11}
            />
            <rect
              height={2}
              width={2}
              x={8}
              y={15}
            />
          </svg>
        </div>
      </div>
      <div
        className=""
        style={
          Object {
            "left": "0",
            "position": "absolute",
            "top": "0",
            "visibility": "hidden",
            "willChange": "transform",
            "zIndex": 100,
          }
        }
      >
        <div />
      </div>
    </div>
  </div>
</div>
`;
