// Jest Snapshot v1, https://goo.gl/fbAQLP

exports[`Pending Users table tests Pending Users table snapshot 1`] = `
<div
  className="pending_users"
>
  <h2>
    Pending users
  </h2>
  <div
    className="settings-table"
  >
    <div
      className="settings-table__wrapper"
    >
      <div
        className="MuiPaper-root MuiPaper-elevation MuiPaper-rounded MuiPaper-elevation1 MuiTableContainer-root settings-table__edit css-11xur9t-MuiPaper-root-MuiTableContainer-root"
      >
        <table
          aria-label="table"
          className="MuiTable-root css-rqglhn-MuiTable-root"
          role={null}
        >
          <thead
            className="MuiTableHead-root css-15wwp11-MuiTableHead-root"
            role={null}
          >
            <tr
              className="MuiTableRow-root MuiTableRow-head css-1q1u3t4-MuiTableRow-root"
              role={null}
            >
              <th
                aria-sort={null}
                className="MuiTableCell-root MuiTableCell-head MuiTableCell-sizeMedium css-1ygcj2i-MuiTableCell-root"
                scope="col"
              />
              <th
                aria-sort={null}
                className="MuiTableCell-root MuiTableCell-head MuiTableCell-sizeMedium css-1ygcj2i-MuiTableCell-root"
                scope="col"
              >
                User Name
              </th>
              <th
                aria-sort={null}
                className="MuiTableCell-root MuiTableCell-head MuiTableCell-sizeMedium css-1ygcj2i-MuiTableCell-root"
                scope="col"
              >
                Email
              </th>
              <th
                aria-sort={null}
                className="MuiTableCell-root MuiTableCell-head MuiTableCell-sizeMedium css-1ygcj2i-MuiTableCell-root"
                scope="col"
              >
                Level
              </th>
              <th
                aria-sort={null}
                className="MuiTableCell-root MuiTableCell-head MuiTableCell-sizeMedium css-1ygcj2i-MuiTableCell-root"
                scope="col"
              >
                Team
              </th>
              <th
                aria-sort={null}
                className="MuiTableCell-root MuiTableCell-head MuiTableCell-sizeMedium css-1ygcj2i-MuiTableCell-root"
                scope="col"
              >
                Data storage
              </th>
            </tr>
          </thead>
          <tbody
            className="MuiTableBody-root css-apqrd9-MuiTableBody-root"
            role={null}
          >
            <tr
              className="MuiTableRow-root css-1q1u3t4-MuiTableRow-root"
              role={null}
            >
              <td
                aria-sort={null}
                className="MuiTableCell-root MuiTableCell-body MuiTableCell-sizeMedium css-1ex1afd-MuiTableCell-root"
              >
                <span
                  className="MuiCheckbox-root MuiCheckbox-colorSuccess MuiButtonBase-root MuiCheckbox-root MuiCheckbox-colorSuccess PrivateSwitchBase-root edit__checkbox css-10drtbx-MuiButtonBase-root-MuiCheckbox-root"
                  onBlur={[Function]}
                  onClick={[Function]}
                  onContextMenu={[Function]}
                  onDragLeave={[Function]}
                  onFocus={[Function]}
                  onKeyDown={[Function]}
                  onKeyUp={[Function]}
                  onMouseDown={[Function]}
                  onMouseLeave={[Function]}
                  onMouseUp={[Function]}
                  onTouchEnd={[Function]}
                  onTouchMove={[Function]}
                  onTouchStart={[Function]}
                  tabIndex={null}
                >
                  <input
                    aria-label="checkbox"
                    checked={false}
                    className="PrivateSwitchBase-input css-1m9pwf3"
                    data-indeterminate={false}
                    onChange={[Function]}
                    type="checkbox"
                  />
                  <svg
                    aria-hidden={true}
                    className="MuiSvgIcon-root MuiSvgIcon-fontSizeMedium css-i4bv87-MuiSvgIcon-root"
                    data-testid="CheckBoxOutlineBlankIcon"
                    focusable="false"
                    viewBox="0 0 24 24"
                  >
                    <path
                      d="M19 5v14H5V5h14m0-2H5c-1.1 0-2 .9-2 2v14c0 1.1.9 2 2 2h14c1.1 0 2-.9 2-2V5c0-1.1-.9-2-2-2z"
                    />
                  </svg>
                </span>
              </td>
              <td
                aria-sort={null}
                className="MuiTableCell-root MuiTableCell-body MuiTableCell-sizeMedium css-1ex1afd-MuiTableCell-root"
              >
                Pety petrov
              </td>
              <td
                aria-sort={null}
                className="MuiTableCell-root MuiTableCell-body MuiTableCell-sizeMedium css-1ex1afd-MuiTableCell-root"
              >
                p.petrov@gpsolutions.com
              </td>
              <td
                aria-sort={null}
                className="MuiTableCell-root MuiTableCell-body MuiTableCell-sizeMedium css-1ex1afd-MuiTableCell-root"
              >
                -
              </td>
              <td
                aria-sort={null}
                className="MuiTableCell-root MuiTableCell-body MuiTableCell-sizeMedium css-1ex1afd-MuiTableCell-root"
              >
                -
              </td>
              <td
                aria-sort={null}
                className="MuiTableCell-root MuiTableCell-body MuiTableCell-sizeMedium css-1ex1afd-MuiTableCell-root"
              >
                no
              </td>
            </tr>
            <tr
              className="MuiTableRow-root css-1q1u3t4-MuiTableRow-root"
              role={null}
            >
              <td
                aria-sort={null}
                className="MuiTableCell-root MuiTableCell-body MuiTableCell-sizeMedium css-1ex1afd-MuiTableCell-root"
              >
                <span
                  className="MuiCheckbox-root MuiCheckbox-colorSuccess MuiButtonBase-root MuiCheckbox-root MuiCheckbox-colorSuccess PrivateSwitchBase-root edit__checkbox css-10drtbx-MuiButtonBase-root-MuiCheckbox-root"
                  onBlur={[Function]}
                  onClick={[Function]}
                  onContextMenu={[Function]}
                  onDragLeave={[Function]}
                  onFocus={[Function]}
                  onKeyDown={[Function]}
                  onKeyUp={[Function]}
                  onMouseDown={[Function]}
                  onMouseLeave={[Function]}
                  onMouseUp={[Function]}
                  onTouchEnd={[Function]}
                  onTouchMove={[Function]}
                  onTouchStart={[Function]}
                  tabIndex={null}
                >
                  <input
                    aria-label="checkbox"
                    checked={false}
                    className="PrivateSwitchBase-input css-1m9pwf3"
                    data-indeterminate={false}
                    onChange={[Function]}
                    type="checkbox"
                  />
                  <svg
                    aria-hidden={true}
                    className="MuiSvgIcon-root MuiSvgIcon-fontSizeMedium css-i4bv87-MuiSvgIcon-root"
                    data-testid="CheckBoxOutlineBlankIcon"
                    focusable="false"
                    viewBox="0 0 24 24"
                  >
                    <path
                      d="M19 5v14H5V5h14m0-2H5c-1.1 0-2 .9-2 2v14c0 1.1.9 2 2 2h14c1.1 0 2-.9 2-2V5c0-1.1-.9-2-2-2z"
                    />
                  </svg>
                </span>
              </td>
              <td
                aria-sort={null}
                className="MuiTableCell-root MuiTableCell-body MuiTableCell-sizeMedium css-1ex1afd-MuiTableCell-root"
              >
                Egor egorov
              </td>
              <td
                aria-sort={null}
                className="MuiTableCell-root MuiTableCell-body MuiTableCell-sizeMedium css-1ex1afd-MuiTableCell-root"
              >
                e.egorov@gpsolutions.com
              </td>
              <td
                aria-sort={null}
                className="MuiTableCell-root MuiTableCell-body MuiTableCell-sizeMedium css-1ex1afd-MuiTableCell-root"
              >
                Junior
              </td>
              <td
                aria-sort={null}
                className="MuiTableCell-root MuiTableCell-body MuiTableCell-sizeMedium css-1ex1afd-MuiTableCell-root"
              >
                X-rays
              </td>
              <td
                aria-sort={null}
                className="MuiTableCell-root MuiTableCell-body MuiTableCell-sizeMedium css-1ex1afd-MuiTableCell-root"
              >
                yes
              </td>
            </tr>
          </tbody>
        </table>
      </div>
      <button
        className="MuiButton-root MuiButton-outlined MuiButton-outlinedSuccess MuiButton-sizeMedium MuiButton-outlinedSizeMedium MuiButtonBase-root Mui-disabled  css-sxix9q-MuiButtonBase-root-MuiButton-root"
        disabled={true}
        onBlur={[Function]}
        onClick={[Function]}
        onContextMenu={[Function]}
        onDragLeave={[Function]}
        onFocus={[Function]}
        onKeyDown={[Function]}
        onKeyUp={[Function]}
        onMouseDown={[Function]}
        onMouseLeave={[Function]}
        onMouseUp={[Function]}
        onTouchEnd={[Function]}
        onTouchMove={[Function]}
        onTouchStart={[Function]}
        tabIndex={-1}
        type="button"
      >
        Activate Users
      </button>
      <button
        className="MuiButton-root MuiButton-outlined MuiButton-outlinedSuccess MuiButton-sizeMedium MuiButton-outlinedSizeMedium MuiButtonBase-root Mui-disabled pending_users__stop-saving-button css-sxix9q-MuiButtonBase-root-MuiButton-root"
        disabled={true}
        onBlur={[Function]}
        onClick={[Function]}
        onContextMenu={[Function]}
        onDragLeave={[Function]}
        onFocus={[Function]}
        onKeyDown={[Function]}
        onKeyUp={[Function]}
        onMouseDown={[Function]}
        onMouseLeave={[Function]}
        onMouseUp={[Function]}
        onTouchEnd={[Function]}
        onTouchMove={[Function]}
        onTouchStart={[Function]}
        tabIndex={-1}
        type="button"
      >
        Stop saving data for Users
      </button>
    </div>
  </div>
</div>
`;
