// Jest Snapshot v1, https://goo.gl/fbAQLP

exports[`PresetWorkingHours table tests PresetWorkingHours table snapshot 1`] = `
<div
  className="settings-table"
>
  <div
    className="settings-table__wrapper"
  >
    <div
      className="MuiPaper-root MuiPaper-elevation MuiPaper-rounded MuiPaper-elevation1 MuiTableContainer-root css-11xur9t-MuiPaper-root-MuiTableContainer-root"
    >
      <table
        aria-label="table"
        className="MuiTable-root css-rqglhn-MuiTable-root"
        role={null}
      >
        <thead
          className="MuiTableHead-root css-15wwp11-MuiTableHead-root"
          role={null}
        >
          <tr
            className="MuiTableRow-root MuiTableRow-head css-1q1u3t4-MuiTableRow-root"
            role={null}
          >
            <th
              aria-sort={null}
              className="MuiTableCell-root MuiTableCell-head MuiTableCell-sizeMedium css-1ygcj2i-MuiTableCell-root"
              scope="col"
            >
              Label
            </th>
            <th
              aria-sort={null}
              className="MuiTableCell-root MuiTableCell-head MuiTableCell-sizeMedium css-1ygcj2i-MuiTableCell-root"
              scope="col"
            >
              Hours
            </th>
          </tr>
        </thead>
        <tbody
          className="MuiTableBody-root css-apqrd9-MuiTableBody-root"
          role={null}
        >
          <tr
            className="MuiTableRow-root css-1q1u3t4-MuiTableRow-root"
            role={null}
          >
            <td
              aria-sort={null}
              className="MuiTableCell-root MuiTableCell-body MuiTableCell-sizeMedium css-1ex1afd-MuiTableCell-root"
            >
              Audits
            </td>
            <td
              aria-sort={null}
              className="MuiTableCell-root MuiTableCell-body MuiTableCell-sizeMedium css-1ex1afd-MuiTableCell-root"
            >
              0.25
            </td>
          </tr>
          <tr
            className="MuiTableRow-root css-1q1u3t4-MuiTableRow-root"
            role={null}
          >
            <td
              aria-sort={null}
              className="MuiTableCell-root MuiTableCell-body MuiTableCell-sizeMedium css-1ex1afd-MuiTableCell-root"
            >
              Support
            </td>
            <td
              aria-sort={null}
              className="MuiTableCell-root MuiTableCell-body MuiTableCell-sizeMedium css-1ex1afd-MuiTableCell-root"
            >
              0.5
            </td>
          </tr>
        </tbody>
      </table>
    </div>
  </div>
</div>
`;
