// Jest Snapshot v1, https://goo.gl/fbAQLP

exports[`Main Users table tests Main Users table snapshot 1`] = `
<div>
  <div
    className="search"
  >
    <svg
      aria-hidden={true}
      className="MuiSvgIcon-root MuiSvgIcon-fontSizeMedium search__icon css-i4bv87-MuiSvgIcon-root"
      data-testid="SearchIcon"
      focusable="false"
      viewBox="0 0 24 24"
    >
      <path
        d="M15.5 14h-.79l-.28-.27C15.41 12.59 16 11.11 16 9.5 16 5.91 13.09 3 9.5 3S3 5.91 3 9.5 5.91 16 9.5 16c1.61 0 3.09-.59 4.23-1.57l.27.28v.79l5 4.99L20.49 19l-4.99-5zm-6 0C7.01 14 5 11.99 5 9.5S7.01 5 9.5 5 14 7.01 14 9.5 11.99 14 9.5 14z"
      />
    </svg>
    <div
      className="MuiInputBase-root MuiInputBase-colorPrimary css-1le28he-MuiInputBase-root"
      onClick={[Function]}
    >
      <input
        aria-label="search"
        className="MuiInputBase-input css-yz9k0d-MuiInputBase-input"
        onAnimationStart={[Function]}
        onBlur={[Function]}
        onChange={[Function]}
        onFocus={[Function]}
        placeholder="Enter User Name"
        type="text"
        value=""
      />
    </div>
    <button
      aria-label="reset"
      className="MuiButtonBase-root MuiIconButton-root MuiIconButton-sizeMedium search__hidden css-78trlr-MuiButtonBase-root-MuiIconButton-root"
      data-testid="reset-button"
      disabled={false}
      onBlur={[Function]}
      onClick={[Function]}
      onContextMenu={[Function]}
      onDragLeave={[Function]}
      onFocus={[Function]}
      onKeyDown={[Function]}
      onKeyUp={[Function]}
      onMouseDown={[Function]}
      onMouseLeave={[Function]}
      onMouseUp={[Function]}
      onTouchEnd={[Function]}
      onTouchMove={[Function]}
      onTouchStart={[Function]}
      tabIndex={0}
      type="reset"
    >
      <svg
        aria-hidden={true}
        className="MuiSvgIcon-root MuiSvgIcon-fontSizeMedium css-i4bv87-MuiSvgIcon-root"
        data-testid="CloseIcon"
        focusable="false"
        viewBox="0 0 24 24"
      >
        <path
          d="M19 6.41 17.59 5 12 10.59 6.41 5 5 6.41 10.59 12 5 17.59 6.41 19 12 13.41 17.59 19 19 17.59 13.41 12z"
        />
      </svg>
    </button>
  </div>
  <div
    className="settings-table"
  >
    <div
      className="settings-table__wrapper users-table"
    >
      <div
        className="MuiPaper-root MuiPaper-elevation MuiPaper-rounded MuiPaper-elevation1 MuiTableContainer-root users-table__container css-11xur9t-MuiPaper-root-MuiTableContainer-root"
      >
        <table
          aria-label="table"
          className="MuiTable-root css-rqglhn-MuiTable-root"
          role={null}
        >
          <thead
            className="MuiTableHead-root css-15wwp11-MuiTableHead-root"
            role={null}
          >
            <tr
              className="MuiTableRow-root MuiTableRow-head css-1q1u3t4-MuiTableRow-root"
              role={null}
            >
              <th
                aria-sort={null}
                className="MuiTableCell-root MuiTableCell-head MuiTableCell-sizeMedium css-1ygcj2i-MuiTableCell-root"
                scope="col"
              >
                User Name
              </th>
              <th
                aria-sort={null}
                className="MuiTableCell-root MuiTableCell-head MuiTableCell-sizeMedium css-1ygcj2i-MuiTableCell-root"
                scope="col"
              >
                Email
              </th>
              <th
                aria-sort={null}
                className="MuiTableCell-root MuiTableCell-head MuiTableCell-sizeMedium css-1ygcj2i-MuiTableCell-root"
                scope="col"
              >
                Status
              </th>
              <th
                aria-sort={null}
                className="MuiTableCell-root MuiTableCell-head MuiTableCell-sizeMedium css-1ygcj2i-MuiTableCell-root"
                scope="col"
              >
                <span
                  className="MuiButtonBase-root MuiTableSortLabel-root css-1qgma8u-MuiButtonBase-root-MuiTableSortLabel-root"
                  onBlur={[Function]}
                  onClick={[Function]}
                  onContextMenu={[Function]}
                  onDragLeave={[Function]}
                  onFocus={[Function]}
                  onKeyDown={[Function]}
                  onKeyUp={[Function]}
                  onMouseDown={[Function]}
                  onMouseLeave={[Function]}
                  onMouseUp={[Function]}
                  onTouchEnd={[Function]}
                  onTouchMove={[Function]}
                  onTouchStart={[Function]}
                  role="button"
                  tabIndex={0}
                >
                  Role
                  <svg
                    aria-hidden={true}
                    className="MuiSvgIcon-root MuiSvgIcon-fontSizeMedium MuiTableSortLabel-icon MuiTableSortLabel-iconDirectionDesc css-3l415a-MuiSvgIcon-root-MuiTableSortLabel-icon"
                    data-testid="ArrowDownwardIcon"
                    focusable="false"
                    viewBox="0 0 24 24"
                  >
                    <path
                      d="M20 12l-1.41-1.41L13 16.17V4h-2v12.17l-5.58-5.59L4 12l8 8 8-8z"
                    />
                  </svg>
                </span>
              </th>
              <th
                aria-sort={null}
                className="MuiTableCell-root MuiTableCell-head MuiTableCell-sizeMedium css-1ygcj2i-MuiTableCell-root"
                scope="col"
              >
                <span
                  className="MuiButtonBase-root MuiTableSortLabel-root css-1qgma8u-MuiButtonBase-root-MuiTableSortLabel-root"
                  onBlur={[Function]}
                  onClick={[Function]}
                  onContextMenu={[Function]}
                  onDragLeave={[Function]}
                  onFocus={[Function]}
                  onKeyDown={[Function]}
                  onKeyUp={[Function]}
                  onMouseDown={[Function]}
                  onMouseLeave={[Function]}
                  onMouseUp={[Function]}
                  onTouchEnd={[Function]}
                  onTouchMove={[Function]}
                  onTouchStart={[Function]}
                  role="button"
                  tabIndex={0}
                >
                  Level
                  <svg
                    aria-hidden={true}
                    className="MuiSvgIcon-root MuiSvgIcon-fontSizeMedium MuiTableSortLabel-icon MuiTableSortLabel-iconDirectionDesc css-3l415a-MuiSvgIcon-root-MuiTableSortLabel-icon"
                    data-testid="ArrowDownwardIcon"
                    focusable="false"
                    viewBox="0 0 24 24"
                  >
                    <path
                      d="M20 12l-1.41-1.41L13 16.17V4h-2v12.17l-5.58-5.59L4 12l8 8 8-8z"
                    />
                  </svg>
                </span>
              </th>
              <th
                aria-sort={null}
                className="MuiTableCell-root MuiTableCell-head MuiTableCell-sizeMedium css-1ygcj2i-MuiTableCell-root"
                scope="col"
              >
                <span
                  className="MuiButtonBase-root MuiTableSortLabel-root Mui-active css-1qgma8u-MuiButtonBase-root-MuiTableSortLabel-root"
                  onBlur={[Function]}
                  onClick={[Function]}
                  onContextMenu={[Function]}
                  onDragLeave={[Function]}
                  onFocus={[Function]}
                  onKeyDown={[Function]}
                  onKeyUp={[Function]}
                  onMouseDown={[Function]}
                  onMouseLeave={[Function]}
                  onMouseUp={[Function]}
                  onTouchEnd={[Function]}
                  onTouchMove={[Function]}
                  onTouchStart={[Function]}
                  role="button"
                  tabIndex={0}
                >
                  Team
                  <svg
                    aria-hidden={true}
                    className="MuiSvgIcon-root MuiSvgIcon-fontSizeMedium MuiTableSortLabel-icon MuiTableSortLabel-iconDirectionDesc css-3l415a-MuiSvgIcon-root-MuiTableSortLabel-icon"
                    data-testid="ArrowDownwardIcon"
                    focusable="false"
                    viewBox="0 0 24 24"
                  >
                    <path
                      d="M20 12l-1.41-1.41L13 16.17V4h-2v12.17l-5.58-5.59L4 12l8 8 8-8z"
                    />
                  </svg>
                </span>
              </th>
            </tr>
          </thead>
          <tbody
            className="MuiTableBody-root css-apqrd9-MuiTableBody-root"
            role={null}
          >
            <tr
              className="MuiTableRow-root css-1q1u3t4-MuiTableRow-root"
              onDoubleClick={[Function]}
              role={null}
            >
              <td
                aria-sort={null}
                className="MuiTableCell-root MuiTableCell-body MuiTableCell-sizeMedium css-1ex1afd-MuiTableCell-root"
              >
                Anna Ivanova
              </td>
              <td
                aria-sort={null}
                className="MuiTableCell-root MuiTableCell-body MuiTableCell-sizeMedium css-1ex1afd-MuiTableCell-root"
              >
                a.ivalova@gpsolutions.com
              </td>
              <td
                aria-sort={null}
                className="MuiTableCell-root MuiTableCell-body MuiTableCell-sizeMedium css-1ex1afd-MuiTableCell-root"
              >
                Active
              </td>
              <td
                aria-sort={null}
                className="MuiTableCell-root MuiTableCell-body MuiTableCell-sizeMedium css-1ex1afd-MuiTableCell-root"
              >
                Auditor
              </td>
              <td
                aria-sort={null}
                className="MuiTableCell-root MuiTableCell-body MuiTableCell-sizeMedium css-1ex1afd-MuiTableCell-root"
              >
                Middle
              </td>
              <td
                aria-sort={null}
                className="MuiTableCell-root MuiTableCell-body MuiTableCell-sizeMedium css-1ex1afd-MuiTableCell-root"
              >
                X-Rays
              </td>
            </tr>
            <tr
              className="MuiTableRow-root css-1q1u3t4-MuiTableRow-root"
              onDoubleClick={[Function]}
              role={null}
            >
              <td
                aria-sort={null}
                className="MuiTableCell-root MuiTableCell-body MuiTableCell-sizeMedium css-1ex1afd-MuiTableCell-root"
              >
                Tatiana Klimchenya
              </td>
              <td
                aria-sort={null}
                className="MuiTableCell-root MuiTableCell-body MuiTableCell-sizeMedium css-1ex1afd-MuiTableCell-root"
              >
                t.klimchenya@gpsolutions.com
              </td>
              <td
                aria-sort={null}
                className="MuiTableCell-root MuiTableCell-body MuiTableCell-sizeMedium css-1ex1afd-MuiTableCell-root"
              >
                Active
              </td>
              <td
                aria-sort={null}
                className="MuiTableCell-root MuiTableCell-body MuiTableCell-sizeMedium css-1ex1afd-MuiTableCell-root"
              >
                Team Leader
              </td>
              <td
                aria-sort={null}
                className="MuiTableCell-root MuiTableCell-body MuiTableCell-sizeMedium css-1ex1afd-MuiTableCell-root"
              >
                Team Lead
              </td>
              <td
                aria-sort={null}
                className="MuiTableCell-root MuiTableCell-body MuiTableCell-sizeMedium css-1ex1afd-MuiTableCell-root"
              >
                X-Rays
              </td>
            </tr>
            <tr
              className="MuiTableRow-root css-1q1u3t4-MuiTableRow-root"
              onDoubleClick={[Function]}
              role={null}
            >
              <td
                aria-sort={null}
                className="MuiTableCell-root MuiTableCell-body MuiTableCell-sizeMedium css-1ex1afd-MuiTableCell-root"
              >
                Alla Shishkin
              </td>
              <td
                aria-sort={null}
                className="MuiTableCell-root MuiTableCell-body MuiTableCell-sizeMedium css-1ex1afd-MuiTableCell-root"
              >
                a.shishkin@gpsolutions.com
              </td>
              <td
                aria-sort={null}
                className="MuiTableCell-root MuiTableCell-body MuiTableCell-sizeMedium css-1ex1afd-MuiTableCell-root"
              >
                Active
              </td>
              <td
                aria-sort={null}
                className="MuiTableCell-root MuiTableCell-body MuiTableCell-sizeMedium css-1ex1afd-MuiTableCell-root"
              >
                Auditor
              </td>
              <td
                aria-sort={null}
                className="MuiTableCell-root MuiTableCell-body MuiTableCell-sizeMedium css-1ex1afd-MuiTableCell-root"
              >
                -
              </td>
              <td
                aria-sort={null}
                className="MuiTableCell-root MuiTableCell-body MuiTableCell-sizeMedium css-1ex1afd-MuiTableCell-root"
              >
                Charlie
              </td>
            </tr>
            <tr
              className="MuiTableRow-root css-1q1u3t4-MuiTableRow-root"
              onDoubleClick={[Function]}
              role={null}
            >
              <td
                aria-sort={null}
                className="MuiTableCell-root MuiTableCell-body MuiTableCell-sizeMedium css-1ex1afd-MuiTableCell-root"
              >
                Igor Egorov
              </td>
              <td
                aria-sort={null}
                className="MuiTableCell-root MuiTableCell-body MuiTableCell-sizeMedium css-1ex1afd-MuiTableCell-root"
              >
                i.egorov@gpsolutions.com
              </td>
              <td
                aria-sort={null}
                className="MuiTableCell-root MuiTableCell-body MuiTableCell-sizeMedium css-1ex1afd-MuiTableCell-root"
              >
                Active
              </td>
              <td
                aria-sort={null}
                className="MuiTableCell-root MuiTableCell-body MuiTableCell-sizeMedium css-1ex1afd-MuiTableCell-root"
              >
                Manager
              </td>
              <td
                aria-sort={null}
                className="MuiTableCell-root MuiTableCell-body MuiTableCell-sizeMedium css-1ex1afd-MuiTableCell-root"
              >
                Team Lead
              </td>
              <td
                aria-sort={null}
                className="MuiTableCell-root MuiTableCell-body MuiTableCell-sizeMedium css-1ex1afd-MuiTableCell-root"
              >
                Charlie
              </td>
            </tr>
            <tr
              className="MuiTableRow-root css-1q1u3t4-MuiTableRow-root"
              onDoubleClick={[Function]}
              role={null}
            >
              <td
                aria-sort={null}
                className="MuiTableCell-root MuiTableCell-body MuiTableCell-sizeMedium css-1ex1afd-MuiTableCell-root"
              >
                Alla Elenova
              </td>
              <td
                aria-sort={null}
                className="MuiTableCell-root MuiTableCell-body MuiTableCell-sizeMedium css-1ex1afd-MuiTableCell-root"
              >
                a.elenova@gpsolutions.com
              </td>
              <td
                aria-sort={null}
                className="MuiTableCell-root MuiTableCell-body MuiTableCell-sizeMedium css-1ex1afd-MuiTableCell-root"
              >
                Active
              </td>
              <td
                aria-sort={null}
                className="MuiTableCell-root MuiTableCell-body MuiTableCell-sizeMedium css-1ex1afd-MuiTableCell-root"
              >
                Auditor
              </td>
              <td
                aria-sort={null}
                className="MuiTableCell-root MuiTableCell-body MuiTableCell-sizeMedium css-1ex1afd-MuiTableCell-root"
              >
                -
              </td>
              <td
                aria-sort={null}
                className="MuiTableCell-root MuiTableCell-body MuiTableCell-sizeMedium css-1ex1afd-MuiTableCell-root"
              >
                Alpha
              </td>
            </tr>
            <tr
              className="MuiTableRow-root css-1q1u3t4-MuiTableRow-root"
              onDoubleClick={[Function]}
              role={null}
            >
              <td
                aria-sort={null}
                className="MuiTableCell-root MuiTableCell-body MuiTableCell-sizeMedium css-1ex1afd-MuiTableCell-root"
              >
                Egor Egorov
              </td>
              <td
                aria-sort={null}
                className="MuiTableCell-root MuiTableCell-body MuiTableCell-sizeMedium css-1ex1afd-MuiTableCell-root"
              >
                e.egorov@gpsolutions.com
              </td>
              <td
                aria-sort={null}
                className="MuiTableCell-root MuiTableCell-body MuiTableCell-sizeMedium css-1ex1afd-MuiTableCell-root"
              >
                Active
              </td>
              <td
                aria-sort={null}
                className="MuiTableCell-root MuiTableCell-body MuiTableCell-sizeMedium css-1ex1afd-MuiTableCell-root"
              >
                Admin
              </td>
              <td
                aria-sort={null}
                className="MuiTableCell-root MuiTableCell-body MuiTableCell-sizeMedium css-1ex1afd-MuiTableCell-root"
              >
                Senior
              </td>
              <td
                aria-sort={null}
                className="MuiTableCell-root MuiTableCell-body MuiTableCell-sizeMedium css-1ex1afd-MuiTableCell-root"
              >
                -
              </td>
            </tr>
            <tr
              className="MuiTableRow-root disabled-row css-1q1u3t4-MuiTableRow-root"
              onDoubleClick={[Function]}
              role={null}
            >
              <td
                aria-sort={null}
                className="MuiTableCell-root MuiTableCell-body MuiTableCell-sizeMedium css-1ex1afd-MuiTableCell-root"
              >
                Anna Anova
              </td>
              <td
                aria-sort={null}
                className="MuiTableCell-root MuiTableCell-body MuiTableCell-sizeMedium css-1ex1afd-MuiTableCell-root"
              >
                a.anova@gpsolutions.com
              </td>
              <td
                aria-sort={null}
                className="MuiTableCell-root MuiTableCell-body MuiTableCell-sizeMedium css-1ex1afd-MuiTableCell-root"
              >
                Inactive
              </td>
              <td
                aria-sort={null}
                className="MuiTableCell-root MuiTableCell-body MuiTableCell-sizeMedium css-1ex1afd-MuiTableCell-root"
              >
                Auditor
              </td>
              <td
                aria-sort={null}
                className="MuiTableCell-root MuiTableCell-body MuiTableCell-sizeMedium css-1ex1afd-MuiTableCell-root"
              >
                Junior
              </td>
              <td
                aria-sort={null}
                className="MuiTableCell-root MuiTableCell-body MuiTableCell-sizeMedium css-1ex1afd-MuiTableCell-root"
              >
                Charlie
              </td>
            </tr>
            <tr
              className="MuiTableRow-root disabled-row css-1q1u3t4-MuiTableRow-root"
              onDoubleClick={[Function]}
              role={null}
            >
              <td
                aria-sort={null}
                className="MuiTableCell-root MuiTableCell-body MuiTableCell-sizeMedium css-1ex1afd-MuiTableCell-root"
              >
                A Shishkin
              </td>
              <td
                aria-sort={null}
                className="MuiTableCell-root MuiTableCell-body MuiTableCell-sizeMedium css-1ex1afd-MuiTableCell-root"
              >
                a.shishkin@gpsolutions.com
              </td>
              <td
                aria-sort={null}
                className="MuiTableCell-root MuiTableCell-body MuiTableCell-sizeMedium css-1ex1afd-MuiTableCell-root"
              >
                Inactive
              </td>
              <td
                aria-sort={null}
                className="MuiTableCell-root MuiTableCell-body MuiTableCell-sizeMedium css-1ex1afd-MuiTableCell-root"
              >
                Auditor
              </td>
              <td
                aria-sort={null}
                className="MuiTableCell-root MuiTableCell-body MuiTableCell-sizeMedium css-1ex1afd-MuiTableCell-root"
              >
                Trainee
              </td>
              <td
                aria-sort={null}
                className="MuiTableCell-root MuiTableCell-body MuiTableCell-sizeMedium css-1ex1afd-MuiTableCell-root"
              >
                -
              </td>
            </tr>
            <tr
              className="MuiTableRow-root disabled-row css-1q1u3t4-MuiTableRow-root"
              onDoubleClick={[Function]}
              role={null}
            >
              <td
                aria-sort={null}
                className="MuiTableCell-root MuiTableCell-body MuiTableCell-sizeMedium css-1ex1afd-MuiTableCell-root"
              >
                Ivan Shishkin
              </td>
              <td
                aria-sort={null}
                className="MuiTableCell-root MuiTableCell-body MuiTableCell-sizeMedium css-1ex1afd-MuiTableCell-root"
              >
                i.shishkin@gpsolutions.com
              </td>
              <td
                aria-sort={null}
                className="MuiTableCell-root MuiTableCell-body MuiTableCell-sizeMedium css-1ex1afd-MuiTableCell-root"
              >
                Inactive
              </td>
              <td
                aria-sort={null}
                className="MuiTableCell-root MuiTableCell-body MuiTableCell-sizeMedium css-1ex1afd-MuiTableCell-root"
              >
                Auditor
              </td>
              <td
                aria-sort={null}
                className="MuiTableCell-root MuiTableCell-body MuiTableCell-sizeMedium css-1ex1afd-MuiTableCell-root"
              >
                Trainee
              </td>
              <td
                aria-sort={null}
                className="MuiTableCell-root MuiTableCell-body MuiTableCell-sizeMedium css-1ex1afd-MuiTableCell-root"
              >
                -
              </td>
            </tr>
          </tbody>
        </table>
      </div>
    </div>
  </div>
</div>
`;
