// Jest Snapshot v1, https://goo.gl/fbAQLP

exports[`WebsiteCheckbox renders correctly 1`] = `
<span
  className="MuiCheckbox-root MuiCheckbox-colorPrimary MuiButtonBase-root MuiCheckbox-root MuiCheckbox-colorPrimary PrivateSwitchBase-root custom-checkbox css-12wnr2w-MuiButtonBase-root-MuiCheckbox-root"
  data-testid="custom-checkbox"
  onBlur={[Function]}
  onContextMenu={[Function]}
  onDragLeave={[Function]}
  onFocus={[Function]}
  onKeyDown={[Function]}
  onKeyUp={[Function]}
  onMouseDown={[Function]}
  onMouseLeave={[Function]}
  onMouseUp={[Function]}
  onTouchEnd={[Function]}
  onTouchMove={[Function]}
  onTouchStart={[Function]}
  tabIndex={null}
>
  <input
    checked={false}
    className="PrivateSwitchBase-input css-1m9pwf3"
    data-indeterminate={false}
    onChange={[Function]}
    type="checkbox"
  />
  <svg
    aria-hidden={true}
    className="MuiSvgIcon-root MuiSvgIcon-fontSizeMedium css-i4bv87-MuiSvgIcon-root"
    data-testid="CheckBoxOutlineBlankIcon"
    focusable="false"
    viewBox="0 0 24 24"
  >
    <path
      d="M19 5v14H5V5h14m0-2H5c-1.1 0-2 .9-2 2v14c0 1.1.9 2 2 2h14c1.1 0 2-.9 2-2V5c0-1.1-.9-2-2-2z"
    />
  </svg>
</span>
`;
